V3 2
FL /media/sf_shared_with_vm/byoc2017/projects/shared/hw3/Src_4sim/SIM_HW3_GPR_filenames.vhd 2017/05/17.13:55:21 P.20131013
PH work/BYOC_filenames 1495018405 \
      FL /media/sf_shared_with_vm/byoc2017/projects/shared/hw3/Src_4sim/SIM_HW3_GPR_filenames.vhd \
      PB std/TEXTIO 1381692176 PB ieee/std_logic_arith 1381692177 \
      PB ieee/STD_LOGIC_UNSIGNED 1381692179 PB ieee/std_logic_1164 1381692176 \
      PB ieee/NUMERIC_STD 1381692181
