V3 33
FL /home/parallels/Documents/byoc/BYOC_Lab_Project_1/hw4/Simulation/Src_4sim/BYOC_Clock_driver_4sim.vhd 2017/04/21.14:23:28 P.20131013
EN work/Clock_Driver 1495994627 \
      FL /home/parallels/Documents/byoc/BYOC_Lab_Project_1/hw4/Simulation/Src_4sim/BYOC_Clock_driver_4sim.vhd \
      PB ieee/std_logic_1164 1381692176 PB ieee/STD_LOGIC_UNSIGNED 1381692179 \
      PB ieee/std_logic_arith 1381692177 PB ieee/NUMERIC_STD 1381692181
AR work/Clock_Driver/clock_divider 1495994628 \
      FL /home/parallels/Documents/byoc/BYOC_Lab_Project_1/hw4/Simulation/Src_4sim/BYOC_Clock_driver_4sim.vhd \
      EN work/Clock_Driver 1495994627
FL /home/parallels/Documents/byoc/BYOC_Lab_Project_1/hw4/Simulation/Src_4sim/BYOC_Host_Intf_4sim.vhd 2017/05/28.18:58:31 P.20131013
EN work/BYOC_Host_Intf 1495994629 \
      FL /home/parallels/Documents/byoc/BYOC_Lab_Project_1/hw4/Simulation/Src_4sim/BYOC_Host_Intf_4sim.vhd \
      PB ieee/std_logic_1164 1381692176 PB ieee/std_logic_arith 1381692177 \
      PB ieee/STD_LOGIC_UNSIGNED 1381692179 PB std/TEXTIO 1381692176 \
      PB ieee/NUMERIC_STD 1381692181 PH work/BYOC_filenames 1495994626
AR work/BYOC_Host_Intf/Behavioral 1495994630 \
      FL /home/parallels/Documents/byoc/BYOC_Lab_Project_1/hw4/Simulation/Src_4sim/BYOC_Host_Intf_4sim.vhd \
      EN work/BYOC_Host_Intf 1495994629
FL /home/parallels/Documents/byoc/BYOC_Lab_Project_1/hw4/Simulation/Src_4sim/dual_port_memory.vhd 2017/05/18.23:18:21 P.20131013
EN work/dual_port_memory_no_ck_read 1495994624 \
      FL /home/parallels/Documents/byoc/BYOC_Lab_Project_1/hw4/Simulation/Src_4sim/dual_port_memory.vhd \
      PB ieee/std_logic_1164 1381692176 PB ieee/std_logic_arith 1381692177
AR work/dual_port_memory_no_CK_read/dual_port_memory 1495994625 \
      FL /home/parallels/Documents/byoc/BYOC_Lab_Project_1/hw4/Simulation/Src_4sim/dual_port_memory.vhd \
      EN work/dual_port_memory_no_ck_read 1495994624
FL /home/parallels/Documents/byoc/BYOC_Lab_Project_1/hw4/Simulation/Src_4sim/Fetch_Unit.vhd 2017/05/28.20:45:21 P.20131013
EN work/Fetch_Unit 1495994631 \
      FL /home/parallels/Documents/byoc/BYOC_Lab_Project_1/hw4/Simulation/Src_4sim/Fetch_Unit.vhd \
      PB ieee/std_logic_1164 1381692176 PB ieee/std_logic_arith 1381692177 \
      PB ieee/STD_LOGIC_UNSIGNED 1381692179
AR work/Fetch_Unit/Behavioral 1495994632 \
      FL /home/parallels/Documents/byoc/BYOC_Lab_Project_1/hw4/Simulation/Src_4sim/Fetch_Unit.vhd \
      EN work/Fetch_Unit 1495994631
FL /home/parallels/Documents/byoc/BYOC_Lab_Project_1/hw4/Simulation/Src_4sim/GPR.vhd 2017/05/18.23:13:59 P.20131013
EN work/GPR 1495994633 \
      FL /home/parallels/Documents/byoc/BYOC_Lab_Project_1/hw4/Simulation/Src_4sim/GPR.vhd \
      PB ieee/std_logic_1164 1381692176 PB ieee/std_logic_arith 1381692177 \
      PB ieee/STD_LOGIC_UNSIGNED 1381692179
AR work/GPR/Behavioral 1495994634 \
      FL /home/parallels/Documents/byoc/BYOC_Lab_Project_1/hw4/Simulation/Src_4sim/GPR.vhd \
      EN work/GPR 1495994633 CP dual_port_memory_no_CK_read
FL /home/parallels/Documents/byoc/BYOC_Lab_Project_1/hw4/Simulation/Src_4sim/HW4_top_4sim.vhd 2017/05/28.20:34:02 P.20131013
EN work/HW4_top 1495992860 \
      FL /home/parallels/Documents/byoc/BYOC_Lab_Project_1/hw4/Simulation/Src_4sim/HW4_top_4sim.vhd \
      PB ieee/std_logic_1164 1381692176 PB ieee/std_logic_arith 1381692177 \
      PB ieee/STD_LOGIC_UNSIGNED 1381692179
AR work/HW4_top/Behavioral 1495992861 \
      FL /home/parallels/Documents/byoc/BYOC_Lab_Project_1/hw4/Simulation/Src_4sim/HW4_top_4sim.vhd \
      EN work/HW4_top 1495992860 CP Clock_Driver CP BYOC_Host_intf CP Fetch_Unit \
      CP GPR CP MIPS_ALU
FL /home/parallels/Documents/byoc/BYOC_Lab_Project_1/hw4/Simulation/Src_4sim/MIPS_ALU.vhd 2017/05/21.18:52:57 P.20131013
EN work/MIPS_ALU 1495994635 \
      FL /home/parallels/Documents/byoc/BYOC_Lab_Project_1/hw4/Simulation/Src_4sim/MIPS_ALU.vhd \
      PB ieee/std_logic_1164 1381692176 PB ieee/std_logic_arith 1381692177 \
      PB ieee/STD_LOGIC_UNSIGNED 1381692179
AR work/MIPS_ALU/Behavioral 1495994636 \
      FL /home/parallels/Documents/byoc/BYOC_Lab_Project_1/hw4/Simulation/Src_4sim/MIPS_ALU.vhd \
      EN work/MIPS_ALU 1495994635
FL /home/parallels/Documents/byoc/BYOC_Lab_Project_1/hw4/Simulation/Src_4sim/SIM_HW4_filenames.vhd 2017/05/24.10:03:26 P.20131013
PH work/BYOC_filenames 1495994626 \
      FL /home/parallels/Documents/byoc/BYOC_Lab_Project_1/hw4/Simulation/Src_4sim/SIM_HW4_filenames.vhd \
      PB ieee/std_logic_arith 1381692177 PB ieee/STD_LOGIC_UNSIGNED 1381692179 \
      PB ieee/std_logic_1164 1381692176 PB std/TEXTIO 1381692176 \
      PB ieee/NUMERIC_STD 1381692181
FL /home/parallels/Documents/byoc/BYOC_Lab_Project_1/hw4/Simulation/Src_4sim/SIM_HW4_TB.vhd 2017/05/20.21:09:56 P.20131013
EN work/BYOC_TB_for_students 0 \
      FL /home/parallels/Documents/byoc/BYOC_Lab_Project_1/hw4/Simulation/Src_4sim/SIM_HW4_TB.vhd \
      PB ieee/std_logic_arith 1381692177 PB ieee/STD_LOGIC_UNSIGNED 1381692179 \
      PB ieee/std_logic_1164 1381692176 PB std/TEXTIO 1381692176 \
      PB ieee/NUMERIC_STD 1381692181 PH work/BYOC_filenames 1495994626
AR work/BYOC_TB_for_students/Testing 0 \
      FL /home/parallels/Documents/byoc/BYOC_Lab_Project_1/hw4/Simulation/Src_4sim/SIM_HW4_TB.vhd \
      EN work/BYOC_TB_for_students 0 CP HW4_top
