AR counter_6bits counter /home/idan/Desktop/p4/Src/counter_6bits.vhd sub00/vhpl05 1491126961
EN p4_tb NULL /home/idan/Desktop/p4/Src/p4_TB.vhd sub00/vhpl12 1491126968
EN decoder_2to4 NULL /home/idan/Desktop/p4/Src/decoder_2to4.vhd sub00/vhpl08 1491126964
EN decoder_7seg NULL /home/idan/Desktop/p4/Src/decoder_7seg.vhd sub00/vhpl06 1491126962
AR p4_top behavioral /home/idan/Desktop/p4/Src/p4_top.vhd sub00/vhpl11 1491126967
EN counter_6bits NULL /home/idan/Desktop/p4/Src/counter_6bits.vhd sub00/vhpl04 1491126960
AR decoder_2to4 behavioral /home/idan/Desktop/p4/Src/decoder_2to4.vhd sub00/vhpl09 1491126965
AR mux_2to1 behavioral /home/idan/Desktop/p4/Src/mux_2to1.vhd sub00/vhpl03 1491126959
EN mux_2to1 NULL /home/idan/Desktop/p4/Src/mux_2to1.vhd sub00/vhpl02 1491126958
EN ck_divider NULL /home/idan/Desktop/p4/Src/ck_divider.vhd sub00/vhpl00 1491126956
AR ck_divider divider /home/idan/Desktop/p4/Src/ck_divider.vhd sub00/vhpl01 1491126957
EN p4_top NULL /home/idan/Desktop/p4/Src/p4_top.vhd sub00/vhpl10 1491126966
AR decoder_7seg behavioral /home/idan/Desktop/p4/Src/decoder_7seg.vhd sub00/vhpl07 1491126963
