AR counter_6bits counter /media/sf_shared_with_vm/byoc2017/projects/hw1/hw1_shared/Src/counter_6bits.vhd sub00/vhpl05 1491154725
EN decoder_2to4 NULL /media/sf_shared_with_vm/byoc2017/projects/hw1/hw1_shared/Src/decoder_2to4.vhd sub00/vhpl08 1491154728
EN decoder_7seg NULL /media/sf_shared_with_vm/byoc2017/projects/hw1/hw1_shared/Src/decoder_7seg.vhd sub00/vhpl06 1491154726
AR p4_top behavioral /media/sf_shared_with_vm/byoc2017/projects/hw1/hw1_shared/Src/p4_top.vhd sub00/vhpl11 1491154731
EN counter_6bits NULL /media/sf_shared_with_vm/byoc2017/projects/hw1/hw1_shared/Src/counter_6bits.vhd sub00/vhpl04 1491154724
AR decoder_2to4 behavioral /media/sf_shared_with_vm/byoc2017/projects/hw1/hw1_shared/Src/decoder_2to4.vhd sub00/vhpl09 1491154729
AR mux_2to1 behavioral /media/sf_shared_with_vm/byoc2017/projects/hw1/hw1_shared/Src/mux_2to1.vhd sub00/vhpl03 1491154723
EN mux_2to1 NULL /media/sf_shared_with_vm/byoc2017/projects/hw1/hw1_shared/Src/mux_2to1.vhd sub00/vhpl02 1491154722
EN ck_divider NULL /media/sf_shared_with_vm/byoc2017/projects/hw1/hw1_shared/Src/ck_divider.vhd sub00/vhpl00 1491154720
AR ck_divider divider /media/sf_shared_with_vm/byoc2017/projects/hw1/hw1_shared/Src/ck_divider.vhd sub00/vhpl01 1491154721
EN p4_top NULL /media/sf_shared_with_vm/byoc2017/projects/hw1/hw1_shared/Src/p4_top.vhd sub00/vhpl10 1491154730
AR decoder_7seg behavioral /media/sf_shared_with_vm/byoc2017/projects/hw1/hw1_shared/Src/decoder_7seg.vhd sub00/vhpl07 1491154727
