V3 23
FL /media/sf_shared_with_vm/byoc2017/projects/hw1/hw1_shared/Src/ck_divider.vhd 2017/04/02.19:33:27 P.20131013
EN work/ck_divider 1491154094 \
      FL /media/sf_shared_with_vm/byoc2017/projects/hw1/hw1_shared/Src/ck_divider.vhd \
      PB ieee/std_logic_1164 1381692176 PB ieee/std_logic_arith 1381692177 \
      PB ieee/STD_LOGIC_UNSIGNED 1381692179
AR work/ck_divider/divider 1491154095 \
      FL /media/sf_shared_with_vm/byoc2017/projects/hw1/hw1_shared/Src/ck_divider.vhd \
      EN work/ck_divider 1491154094
FL /media/sf_shared_with_vm/byoc2017/projects/hw1/hw1_shared/Src/counter_6bits.vhd 2017/04/02.19:33:27 P.20131013
EN work/counter_6bits 1491154098 \
      FL /media/sf_shared_with_vm/byoc2017/projects/hw1/hw1_shared/Src/counter_6bits.vhd \
      PB ieee/std_logic_1164 1381692176 PB ieee/std_logic_arith 1381692177 \
      PB ieee/STD_LOGIC_UNSIGNED 1381692179
AR work/counter_6bits/counter 1491154099 \
      FL /media/sf_shared_with_vm/byoc2017/projects/hw1/hw1_shared/Src/counter_6bits.vhd \
      EN work/counter_6bits 1491154098
FL /media/sf_shared_with_vm/byoc2017/projects/hw1/hw1_shared/Src/decoder_2to4.vhd 2017/04/02.19:34:42 P.20131013
EN work/decoder_2to4 1491154102 \
      FL /media/sf_shared_with_vm/byoc2017/projects/hw1/hw1_shared/Src/decoder_2to4.vhd \
      PB ieee/std_logic_1164 1381692176
AR work/decoder_2to4/Behavioral 1491154103 \
      FL /media/sf_shared_with_vm/byoc2017/projects/hw1/hw1_shared/Src/decoder_2to4.vhd \
      EN work/decoder_2to4 1491154102
FL /media/sf_shared_with_vm/byoc2017/projects/hw1/hw1_shared/Src/decoder_7seg.vhd 2017/04/02.19:40:10 P.20131013
EN work/decoder_7seg 1491154100 \
      FL /media/sf_shared_with_vm/byoc2017/projects/hw1/hw1_shared/Src/decoder_7seg.vhd \
      PB ieee/std_logic_1164 1381692176
AR work/decoder_7seg/Behavioral 1491154101 \
      FL /media/sf_shared_with_vm/byoc2017/projects/hw1/hw1_shared/Src/decoder_7seg.vhd \
      EN work/decoder_7seg 1491154100
FL /media/sf_shared_with_vm/byoc2017/projects/hw1/hw1_shared/Src/mux_2to1.vhd 2017/04/02.19:33:27 P.20131013
EN work/mux_2to1 1491154096 \
      FL /media/sf_shared_with_vm/byoc2017/projects/hw1/hw1_shared/Src/mux_2to1.vhd \
      PB ieee/std_logic_1164 1381692176
AR work/mux_2to1/Behavioral 1491154097 \
      FL /media/sf_shared_with_vm/byoc2017/projects/hw1/hw1_shared/Src/mux_2to1.vhd \
      EN work/mux_2to1 1491154096
FL /media/sf_shared_with_vm/byoc2017/projects/hw1/hw1_shared/Src/p4_top.vhd 2017/04/02.19:33:27 P.20131013
EN work/p4_top 1491154104 \
      FL /media/sf_shared_with_vm/byoc2017/projects/hw1/hw1_shared/Src/p4_top.vhd \
      PB ieee/std_logic_1164 1381692176
AR work/p4_top/Behavioral 1491154105 \
      FL /media/sf_shared_with_vm/byoc2017/projects/hw1/hw1_shared/Src/p4_top.vhd \
      EN work/p4_top 1491154104 CP ck_divider CP mux_2to1 CP counter_6bits \
      CP decoder_7seg CP decoder_2to4
