AR hw6_top behavioral /home/parallels/Documents/byoc/BYOC_Lab_Project_1/hw6/Simulation1/Src_4sim/HW6_top_4sim.vhd sub00/vhpl14 1498049275
PH byoc_filenames NULL /home/parallels/Documents/byoc/BYOC_Lab_Project_1/hw6/Simulation1/Src_4sim/SIM_HW6_filenames.vhd sub00/vhpl02 1498049263
EN clock_driver NULL /home/parallels/Documents/byoc/BYOC_Lab_Project_1/hw6/Simulation1/Src_4sim/BYOC_Clock_driver_4sim.vhd sub00/vhpl03 1498049264
EN dual_port_memory_no_ck_read NULL /home/parallels/Documents/byoc/BYOC_Lab_Project_1/hw6/Simulation1/Src_4sim/dual_port_memory.vhd sub00/vhpl00 1498049261
EN hw6_top NULL /home/parallels/Documents/byoc/BYOC_Lab_Project_1/hw6/Simulation1/Src_4sim/HW6_top_4sim.vhd sub00/vhpl13 1498049274
EN mips_alu NULL /home/parallels/Documents/byoc/BYOC_Lab_Project_1/hw6/Simulation1/Src_4sim/MIPS_ALU.vhd sub00/vhpl11 1498049272
EN byoc_host_intf NULL /home/parallels/Documents/byoc/BYOC_Lab_Project_1/hw6/Simulation1/Src_4sim/BYOC_Host_Intf_4sim.vhd sub00/vhpl05 1498049266
AR fetch_unit behavioral /home/parallels/Documents/byoc/BYOC_Lab_Project_1/hw6/Simulation1/Src_4sim/Fetch_Unit.vhd sub00/vhpl08 1498049269
EN fetch_unit NULL /home/parallels/Documents/byoc/BYOC_Lab_Project_1/hw6/Simulation1/Src_4sim/Fetch_Unit.vhd sub00/vhpl07 1498049268
AR gpr behavioral /home/parallels/Documents/byoc/BYOC_Lab_Project_1/hw6/Simulation1/Src_4sim/GPR.vhd sub00/vhpl10 1498049271
AR mips_alu behavioral /home/parallels/Documents/byoc/BYOC_Lab_Project_1/hw6/Simulation1/Src_4sim/MIPS_ALU.vhd sub00/vhpl12 1498049273
AR dual_port_memory_no_ck_read dual_port_memory /home/parallels/Documents/byoc/BYOC_Lab_Project_1/hw6/Simulation1/Src_4sim/dual_port_memory.vhd sub00/vhpl01 1498049262
AR byoc_host_intf behavioral /home/parallels/Documents/byoc/BYOC_Lab_Project_1/hw6/Simulation1/Src_4sim/BYOC_Host_Intf_4sim.vhd sub00/vhpl06 1498049267
EN gpr NULL /home/parallels/Documents/byoc/BYOC_Lab_Project_1/hw6/Simulation1/Src_4sim/GPR.vhd sub00/vhpl09 1498049270
AR clock_driver clock_divider /home/parallels/Documents/byoc/BYOC_Lab_Project_1/hw6/Simulation1/Src_4sim/BYOC_Clock_driver_4sim.vhd sub00/vhpl04 1498049265
