V3 19
FL /media/sf_shared_with_vm/byoc2017/projects/shared/hw2/Src_4ISE/BYOC_Clock_driver.vhd 2017/05/14.17:50:08 P.20131013
EN work/Clock_Driver 1494773966 \
      FL /media/sf_shared_with_vm/byoc2017/projects/shared/hw2/Src_4ISE/BYOC_Clock_driver.vhd \
      PB ieee/std_logic_1164 1381692176 PB ieee/STD_LOGIC_UNSIGNED 1381692179 \
      PB ieee/std_logic_arith 1381692177 PB ieee/NUMERIC_STD 1381692181 LB unisim \
      PH unisim/VCOMPONENTS 1381692182
AR work/Clock_Driver/clock_divider 1494773967 \
      FL /media/sf_shared_with_vm/byoc2017/projects/shared/hw2/Src_4ISE/BYOC_Clock_driver.vhd \
      EN work/Clock_Driver 1494773966 CP BUFG
FL /media/sf_shared_with_vm/byoc2017/projects/shared/hw2/Src_4ISE/BYOC_Clock_driver_4sim.vhd 2017/05/14.17:48:23 P.20131013
FL /media/sf_shared_with_vm/byoc2017/projects/shared/hw2/Src_4ISE/BYOC_Host_Intf_4sim.vhd 2017/05/14.17:48:23 P.20131013
EN work/BYOC_Host_Intf 0 \
      FL /media/sf_shared_with_vm/byoc2017/projects/shared/hw2/Src_4ISE/BYOC_Host_Intf_4sim.vhd \
      PB ieee/std_logic_1164 1381692176 PB ieee/std_logic_arith 1381692177 \
      PB ieee/STD_LOGIC_UNSIGNED 1381692179 PB std/TEXTIO 1381692176 \
      PB ieee/NUMERIC_STD 1381692181 PH work/BYOC_filenames 0
AR work/BYOC_Host_Intf/Behavioral 0 \
      FL /media/sf_shared_with_vm/byoc2017/projects/shared/hw2/Src_4ISE/BYOC_Host_Intf_4sim.vhd \
      EN work/BYOC_Host_Intf 0
FL /media/sf_shared_with_vm/byoc2017/projects/shared/hw2/Src_4ISE/Fetch_Unit.vhd 2017/05/14.17:48:23 P.20131013
EN work/Fetch_Unit 1494773968 \
      FL /media/sf_shared_with_vm/byoc2017/projects/shared/hw2/Src_4ISE/Fetch_Unit.vhd \
      PB ieee/std_logic_1164 1381692176 PB ieee/std_logic_arith 1381692177 \
      PB ieee/STD_LOGIC_UNSIGNED 1381692179
AR work/Fetch_Unit/Behavioral 1494773969 \
      FL /media/sf_shared_with_vm/byoc2017/projects/shared/hw2/Src_4ISE/Fetch_Unit.vhd \
      EN work/Fetch_Unit 1494773968
FL /media/sf_shared_with_vm/byoc2017/projects/shared/hw2/Src_4ISE/HW2_top_4sim.vhd 2017/05/14.17:48:23 P.20131013
EN work/HW2_top 1494773970 \
      FL /media/sf_shared_with_vm/byoc2017/projects/shared/hw2/Src_4ISE/HW2_top_4sim.vhd \
      PB ieee/std_logic_1164 1381692176 PB ieee/std_logic_arith 1381692177 \
      PB ieee/STD_LOGIC_UNSIGNED 1381692179
AR work/HW2_top/Behavioral 1494773971 \
      FL /media/sf_shared_with_vm/byoc2017/projects/shared/hw2/Src_4ISE/HW2_top_4sim.vhd \
      EN work/HW2_top 1494773970 CP Clock_Driver CP BYOC_Host_intf CP Fetch_Unit
