Release 14.7 - xst P.20131013 (lin64)
Copyright (c) 1995-2013 Xilinx, Inc.  All rights reserved.
--> 
Parameter TMPDIR set to xst/projnav.tmp


Total REAL time to Xst completion: 0.00 secs
Total CPU time to Xst completion: 0.06 secs
 
--> 
Parameter xsthdpdir set to xst


Total REAL time to Xst completion: 0.00 secs
Total CPU time to Xst completion: 0.06 secs
 
--> 
Reading design: p4_TB.prj

TABLE OF CONTENTS
  1) Synthesis Options Summary
  2) HDL Compilation
  3) Design Hierarchy Analysis
  4) HDL Analysis
  5) HDL Synthesis
     5.1) HDL Synthesis Report
  6) Advanced HDL Synthesis
     6.1) Advanced HDL Synthesis Report
  7) Low Level Synthesis
  8) Partition Report
  9) Final Report
	9.1) Device utilization summary
	9.2) Partition Resource Summary
	9.3) TIMING REPORT


=========================================================================
*                      Synthesis Options Summary                        *
=========================================================================
---- Source Parameters
Input File Name                    : "p4_TB.prj"
Input Format                       : mixed
Ignore Synthesis Constraint File   : NO

---- Target Parameters
Output File Name                   : "p4_TB"
Output Format                      : NGC
Target Device                      : xc3s500e-4-fg320

---- Source Options
Top Module Name                    : p4_TB
Automatic FSM Extraction           : YES
FSM Encoding Algorithm             : Auto
Safe Implementation                : No
FSM Style                          : LUT
RAM Extraction                     : Yes
RAM Style                          : Auto
ROM Extraction                     : Yes
Mux Style                          : Auto
Decoder Extraction                 : YES
Priority Encoder Extraction        : Yes
Shift Register Extraction          : YES
Logical Shifter Extraction         : YES
XOR Collapsing                     : YES
ROM Style                          : Auto
Mux Extraction                     : Yes
Resource Sharing                   : YES
Asynchronous To Synchronous        : NO
Multiplier Style                   : Auto
Automatic Register Balancing       : No

---- Target Options
Add IO Buffers                     : YES
Global Maximum Fanout              : 100000
Add Generic Clock Buffer(BUFG)     : 24
Register Duplication               : YES
Slice Packing                      : YES
Optimize Instantiated Primitives   : NO
Use Clock Enable                   : Yes
Use Synchronous Set                : Yes
Use Synchronous Reset              : Yes
Pack IO Registers into IOBs        : Auto
Equivalent register Removal        : YES

---- General Options
Optimization Goal                  : Speed
Optimization Effort                : 1
Keep Hierarchy                     : No
Netlist Hierarchy                  : As_Optimized
RTL Output                         : Yes
Global Optimization                : AllClockNets
Read Cores                         : YES
Write Timing Constraints           : NO
Cross Clock Analysis               : NO
Hierarchy Separator                : /
Bus Delimiter                      : <>
Case Specifier                     : Maintain
Slice Utilization Ratio            : 100
BRAM Utilization Ratio             : 100
Verilog 2001                       : YES
Auto BRAM Packing                  : NO
Slice Utilization Ratio Delta      : 5

=========================================================================


=========================================================================
*                          HDL Compilation                              *
=========================================================================
Compiling vhdl file "/home/idan/Desktop/p4/Src/ck_divider.vhd" in Library work.
Architecture divider of Entity ck_divider is up to date.
Compiling vhdl file "/home/idan/Desktop/p4/Src/mux_2to1.vhd" in Library work.
Architecture behavioral of Entity mux_2to1 is up to date.
Compiling vhdl file "/home/idan/Desktop/p4/Src/counter_6bits.vhd" in Library work.
Architecture counter of Entity counter_6bits is up to date.
Compiling vhdl file "/home/idan/Desktop/p4/Src/decoder_7seg.vhd" in Library work.
Architecture behavioral of Entity decoder_7seg is up to date.
Compiling vhdl file "/home/idan/Desktop/p4/Src/decoder_2to4.vhd" in Library work.
Architecture behavioral of Entity decoder_2to4 is up to date.
Compiling vhdl file "/home/idan/Desktop/p4/Src/p4_top.vhd" in Library work.
Architecture behavioral of Entity p4_top is up to date.
Compiling vhdl file "/home/idan/Desktop/p4/Src/p4_TB.vhd" in Library work.
ERROR:HDLParsers:1015 - "/home/idan/Desktop/p4/Src/p4_TB.vhd" Line 39. Wait for statement unsupported.
ERROR:HDLParsers:1015 - "/home/idan/Desktop/p4/Src/p4_TB.vhd" Line 41. Wait for statement unsupported.
ERROR:HDLParsers:1015 - "/home/idan/Desktop/p4/Src/p4_TB.vhd" Line 49. Wait for statement unsupported.
ERROR:HDLParsers:1015 - "/home/idan/Desktop/p4/Src/p4_TB.vhd" Line 51. Wait for statement unsupported.
ERROR:HDLParsers:1015 - "/home/idan/Desktop/p4/Src/p4_TB.vhd" Line 59. Wait for statement unsupported.
ERROR:HDLParsers:1015 - "/home/idan/Desktop/p4/Src/p4_TB.vhd" Line 64. Wait for statement unsupported.
ERROR:HDLParsers:1015 - "/home/idan/Desktop/p4/Src/p4_TB.vhd" Line 70. Wait for statement unsupported.
--> 


Total memory usage is 490760 kilobytes

Number of errors   :    7 (   0 filtered)
Number of warnings :    0 (   0 filtered)
Number of infos    :    0 (   0 filtered)

