AR hw6_top behavioral /media/sf_shared_with_vm/byoc2017/projects/shared/hw6/Implementation/Src_4ISE/HW6_top.vhd sub00/vhpl11 1501968004
EN clock_driver NULL /media/sf_shared_with_vm/byoc2017/projects/shared/hw6/Implementation/Src_4ISE/BYOC_Clock_driver.vhd sub00/vhpl02 1501967995
EN dual_port_memory_no_ck_read NULL /media/sf_shared_with_vm/byoc2017/projects/shared/hw6/Implementation/Src_4ISE/dual_port_memory.vhd sub00/vhpl00 1501967993
EN hw6_top NULL /media/sf_shared_with_vm/byoc2017/projects/shared/hw6/Implementation/Src_4ISE/HW6_top.vhd sub00/vhpl10 1501968003
EN mips_alu NULL /media/sf_shared_with_vm/byoc2017/projects/shared/hw6/Implementation/Src_4ISE/MIPS_ALU.vhd sub00/vhpl08 1501968001
AR fetch_unit behavioral /media/sf_shared_with_vm/byoc2017/projects/shared/hw6/Implementation/Src_4ISE/Fetch_Unit.vhd sub00/vhpl05 1501967998
EN fetch_unit NULL /media/sf_shared_with_vm/byoc2017/projects/shared/hw6/Implementation/Src_4ISE/Fetch_Unit.vhd sub00/vhpl04 1501967997
AR gpr behavioral /media/sf_shared_with_vm/byoc2017/projects/shared/hw6/Implementation/Src_4ISE/GPR.vhd sub00/vhpl07 1501968000
AR mips_alu behavioral /media/sf_shared_with_vm/byoc2017/projects/shared/hw6/Implementation/Src_4ISE/MIPS_ALU.vhd sub00/vhpl09 1501968002
AR dual_port_memory_no_ck_read dual_port_memory /media/sf_shared_with_vm/byoc2017/projects/shared/hw6/Implementation/Src_4ISE/dual_port_memory.vhd sub00/vhpl01 1501967994
EN gpr NULL /media/sf_shared_with_vm/byoc2017/projects/shared/hw6/Implementation/Src_4ISE/GPR.vhd sub00/vhpl06 1501967999
AR clock_driver clock_divider /media/sf_shared_with_vm/byoc2017/projects/shared/hw6/Implementation/Src_4ISE/BYOC_Clock_driver.vhd sub00/vhpl03 1501967996
