V3 26
FL /media/sf_shared_with_vm/byoc2017/projects/shared/hw6/Implementation/Src_4ISE/BYOC_Clock_driver.vhd 2017/04/21.14:36:46 P.20131013
EN work/Clock_Driver 1501967995 \
      FL /media/sf_shared_with_vm/byoc2017/projects/shared/hw6/Implementation/Src_4ISE/BYOC_Clock_driver.vhd \
      PB ieee/std_logic_1164 1381692176 PB ieee/STD_LOGIC_UNSIGNED 1381692179 \
      PB ieee/std_logic_arith 1381692177 PB ieee/NUMERIC_STD 1381692181 LB unisim \
      PH unisim/VCOMPONENTS 1381692182
AR work/Clock_Driver/clock_divider 1501967996 \
      FL /media/sf_shared_with_vm/byoc2017/projects/shared/hw6/Implementation/Src_4ISE/BYOC_Clock_driver.vhd \
      EN work/Clock_Driver 1501967995 CP BUFG
FL /media/sf_shared_with_vm/byoc2017/projects/shared/hw6/Implementation/Src_4ISE/dual_port_memory.vhd 2017/07/09.18:44:19 P.20131013
EN work/dual_port_memory_no_ck_read 1501967993 \
      FL /media/sf_shared_with_vm/byoc2017/projects/shared/hw6/Implementation/Src_4ISE/dual_port_memory.vhd \
      PB ieee/std_logic_1164 1381692176 PB ieee/std_logic_arith 1381692177
AR work/dual_port_memory_no_CK_read/dual_port_memory 1501967994 \
      FL /media/sf_shared_with_vm/byoc2017/projects/shared/hw6/Implementation/Src_4ISE/dual_port_memory.vhd \
      EN work/dual_port_memory_no_ck_read 1501967993
FL /media/sf_shared_with_vm/byoc2017/projects/shared/hw6/Implementation/Src_4ISE/Fetch_Unit.vhd 2017/07/09.18:44:19 P.20131013
EN work/Fetch_Unit 1501967997 \
      FL /media/sf_shared_with_vm/byoc2017/projects/shared/hw6/Implementation/Src_4ISE/Fetch_Unit.vhd \
      PB ieee/std_logic_1164 1381692176 PB ieee/std_logic_arith 1381692177 \
      PB ieee/STD_LOGIC_UNSIGNED 1381692179
AR work/Fetch_Unit/Behavioral 1501967998 \
      FL /media/sf_shared_with_vm/byoc2017/projects/shared/hw6/Implementation/Src_4ISE/Fetch_Unit.vhd \
      EN work/Fetch_Unit 1501967997
FL /media/sf_shared_with_vm/byoc2017/projects/shared/hw6/Implementation/Src_4ISE/GPR.vhd 2017/07/09.18:44:19 P.20131013
EN work/GPR 1501967999 \
      FL /media/sf_shared_with_vm/byoc2017/projects/shared/hw6/Implementation/Src_4ISE/GPR.vhd \
      PB ieee/std_logic_1164 1381692176 PB ieee/std_logic_arith 1381692177 \
      PB ieee/STD_LOGIC_UNSIGNED 1381692179
AR work/GPR/Behavioral 1501968000 \
      FL /media/sf_shared_with_vm/byoc2017/projects/shared/hw6/Implementation/Src_4ISE/GPR.vhd \
      EN work/GPR 1501967999 CP dual_port_memory_no_CK_read
FL /media/sf_shared_with_vm/byoc2017/projects/shared/hw6/Implementation/Src_4ISE/HW6_top.vhd 2017/07/09.19:23:56 P.20131013
EN work/HW6_top 1501968003 \
      FL /media/sf_shared_with_vm/byoc2017/projects/shared/hw6/Implementation/Src_4ISE/HW6_top.vhd \
      PB ieee/std_logic_1164 1381692176 PB ieee/std_logic_arith 1381692177 \
      PB ieee/STD_LOGIC_UNSIGNED 1381692179
AR work/HW6_top/Behavioral 1501968004 \
      FL /media/sf_shared_with_vm/byoc2017/projects/shared/hw6/Implementation/Src_4ISE/HW6_top.vhd \
      EN work/HW6_top 1501968003 CP Clock_Driver CP BYOC_Host_intf CP Fetch_Unit \
      CP GPR CP MIPS_ALU
FL /media/sf_shared_with_vm/byoc2017/projects/shared/hw6/Implementation/Src_4ISE/MIPS_ALU.vhd 2017/07/09.18:44:19 P.20131013
EN work/MIPS_ALU 1501968001 \
      FL /media/sf_shared_with_vm/byoc2017/projects/shared/hw6/Implementation/Src_4ISE/MIPS_ALU.vhd \
      PB ieee/std_logic_1164 1381692176 PB ieee/std_logic_arith 1381692177 \
      PB ieee/STD_LOGIC_UNSIGNED 1381692179
AR work/MIPS_ALU/Behavioral 1501968002 \
      FL /media/sf_shared_with_vm/byoc2017/projects/shared/hw6/Implementation/Src_4ISE/MIPS_ALU.vhd \
      EN work/MIPS_ALU 1501968001
