EN hw5_top NULL /media/sf_shared_with_vm/byoc2017/projects/shared/hw5/Implementation/Src_4ISE/HW5_MIPS.vhd sub00/vhpl10 1497802810
EN clock_driver NULL /media/sf_shared_with_vm/byoc2017/projects/shared/hw5/Implementation/Src_4ISE/BYOC_Clock_driver.vhd sub00/vhpl02 1497802802
EN dual_port_memory_no_ck_read NULL /media/sf_shared_with_vm/byoc2017/projects/shared/hw5/Implementation/Src_4ISE/dual_port_memory.vhd sub00/vhpl00 1497802800
EN mips_alu NULL /media/sf_shared_with_vm/byoc2017/projects/shared/hw5/Implementation/Src_4ISE/MIPS_ALU.vhd sub00/vhpl08 1497802808
AR fetch_unit behavioral /media/sf_shared_with_vm/byoc2017/projects/shared/hw5/Implementation/Src_4ISE/Fetch_Unit.vhd sub00/vhpl05 1497802805
EN fetch_unit NULL /media/sf_shared_with_vm/byoc2017/projects/shared/hw5/Implementation/Src_4ISE/Fetch_Unit.vhd sub00/vhpl04 1497802804
AR hw5_top behavioral /media/sf_shared_with_vm/byoc2017/projects/shared/hw5/Implementation/Src_4ISE/HW5_MIPS.vhd sub00/vhpl11 1497802811
AR gpr behavioral /media/sf_shared_with_vm/byoc2017/projects/shared/hw5/Implementation/Src_4ISE/GPR.vhd sub00/vhpl07 1497802807
AR mips_alu behavioral /media/sf_shared_with_vm/byoc2017/projects/shared/hw5/Implementation/Src_4ISE/MIPS_ALU.vhd sub00/vhpl09 1497802809
AR dual_port_memory_no_ck_read dual_port_memory /media/sf_shared_with_vm/byoc2017/projects/shared/hw5/Implementation/Src_4ISE/dual_port_memory.vhd sub00/vhpl01 1497802801
EN gpr NULL /media/sf_shared_with_vm/byoc2017/projects/shared/hw5/Implementation/Src_4ISE/GPR.vhd sub00/vhpl06 1497802806
AR clock_driver clock_divider /media/sf_shared_with_vm/byoc2017/projects/shared/hw5/Implementation/Src_4ISE/BYOC_Clock_driver.vhd sub00/vhpl03 1497802803
