V3 27
FL /media/sf_shared_with_vm/byoc2017/projects/shared/hw5/Implementation/Src_4ISE/BYOC_Clock_driver.vhd 2017/04/21.14:36:46 P.20131013
EN work/Clock_Driver 1499615337 \
      FL /media/sf_shared_with_vm/byoc2017/projects/shared/hw5/Implementation/Src_4ISE/BYOC_Clock_driver.vhd \
      PB ieee/std_logic_1164 1381692176 PB ieee/STD_LOGIC_UNSIGNED 1381692179 \
      PB ieee/std_logic_arith 1381692177 PB ieee/NUMERIC_STD 1381692181 LB unisim \
      PH unisim/VCOMPONENTS 1381692182
AR work/Clock_Driver/clock_divider 1499615338 \
      FL /media/sf_shared_with_vm/byoc2017/projects/shared/hw5/Implementation/Src_4ISE/BYOC_Clock_driver.vhd \
      EN work/Clock_Driver 1499615337 CP BUFG
FL /media/sf_shared_with_vm/byoc2017/projects/shared/hw5/Implementation/Src_4ISE/dual_port_memory.vhd 2017/06/18.19:04:43 P.20131013
EN work/dual_port_memory_no_ck_read 1499615335 \
      FL /media/sf_shared_with_vm/byoc2017/projects/shared/hw5/Implementation/Src_4ISE/dual_port_memory.vhd \
      PB ieee/std_logic_1164 1381692176 PB ieee/std_logic_arith 1381692177
AR work/dual_port_memory_no_CK_read/dual_port_memory 1499615336 \
      FL /media/sf_shared_with_vm/byoc2017/projects/shared/hw5/Implementation/Src_4ISE/dual_port_memory.vhd \
      EN work/dual_port_memory_no_ck_read 1499615335
FL /media/sf_shared_with_vm/byoc2017/projects/shared/hw5/Implementation/Src_4ISE/Fetch_Unit.vhd 2017/06/25.19:58:07 P.20131013
EN work/Fetch_Unit 1499615339 \
      FL /media/sf_shared_with_vm/byoc2017/projects/shared/hw5/Implementation/Src_4ISE/Fetch_Unit.vhd \
      PB ieee/std_logic_1164 1381692176 PB ieee/std_logic_arith 1381692177 \
      PB ieee/STD_LOGIC_UNSIGNED 1381692179
AR work/Fetch_Unit/Behavioral 1499615340 \
      FL /media/sf_shared_with_vm/byoc2017/projects/shared/hw5/Implementation/Src_4ISE/Fetch_Unit.vhd \
      EN work/Fetch_Unit 1499615339
FL /media/sf_shared_with_vm/byoc2017/projects/shared/hw5/Implementation/Src_4ISE/GPR.vhd 2017/06/18.19:04:43 P.20131013
EN work/GPR 1499615341 \
      FL /media/sf_shared_with_vm/byoc2017/projects/shared/hw5/Implementation/Src_4ISE/GPR.vhd \
      PB ieee/std_logic_1164 1381692176 PB ieee/std_logic_arith 1381692177 \
      PB ieee/STD_LOGIC_UNSIGNED 1381692179
AR work/GPR/Behavioral 1499615342 \
      FL /media/sf_shared_with_vm/byoc2017/projects/shared/hw5/Implementation/Src_4ISE/GPR.vhd \
      EN work/GPR 1499615341 CP dual_port_memory_no_CK_read
FL /media/sf_shared_with_vm/byoc2017/projects/shared/hw5/Implementation/Src_4ISE/HW5_MIPS.vhd 2017/06/18.19:24:28 P.20131013
EN work/HW5_top 1499615345 \
      FL /media/sf_shared_with_vm/byoc2017/projects/shared/hw5/Implementation/Src_4ISE/HW5_MIPS.vhd \
      PB ieee/std_logic_1164 1381692176 PB ieee/std_logic_arith 1381692177 \
      PB ieee/STD_LOGIC_UNSIGNED 1381692179
AR work/HW5_top/Behavioral 1499615346 \
      FL /media/sf_shared_with_vm/byoc2017/projects/shared/hw5/Implementation/Src_4ISE/HW5_MIPS.vhd \
      EN work/HW5_top 1499615345 CP Clock_Driver CP BYOC_Host_intf CP Fetch_Unit \
      CP GPR CP MIPS_ALU
FL /media/sf_shared_with_vm/byoc2017/projects/shared/hw5/Implementation/Src_4ISE/HW5_top.vhd 2017/06/18.19:11:14 P.20131013
FL /media/sf_shared_with_vm/byoc2017/projects/shared/hw5/Implementation/Src_4ISE/MIPS_ALU.vhd 2017/06/18.19:04:43 P.20131013
EN work/MIPS_ALU 1499615343 \
      FL /media/sf_shared_with_vm/byoc2017/projects/shared/hw5/Implementation/Src_4ISE/MIPS_ALU.vhd \
      PB ieee/std_logic_1164 1381692176 PB ieee/std_logic_arith 1381692177 \
      PB ieee/STD_LOGIC_UNSIGNED 1381692179
AR work/MIPS_ALU/Behavioral 1499615344 \
      FL /media/sf_shared_with_vm/byoc2017/projects/shared/hw5/Implementation/Src_4ISE/MIPS_ALU.vhd \
      EN work/MIPS_ALU 1499615343
