V3 21
FL /home/parallels/Documents/byoc/BYOC_Lab_Project_1/hw2/HW2_Src_for_sim_for_students-empty/BYOC_Clock_driver_4sim.vhd 2017/05/04.21:24:54 P.20131013
EN work/Clock_Driver 1494178005 \
      FL /home/parallels/Documents/byoc/BYOC_Lab_Project_1/hw2/HW2_Src_for_sim_for_students-empty/BYOC_Clock_driver_4sim.vhd \
      PB ieee/std_logic_1164 1381692176 PB ieee/STD_LOGIC_UNSIGNED 1381692179 \
      PB ieee/std_logic_arith 1381692177 PB ieee/NUMERIC_STD 1381692181
AR work/Clock_Driver/clock_divider 1494178006 \
      FL /home/parallels/Documents/byoc/BYOC_Lab_Project_1/hw2/HW2_Src_for_sim_for_students-empty/BYOC_Clock_driver_4sim.vhd \
      EN work/Clock_Driver 1494178005
FL /home/parallels/Documents/byoc/BYOC_Lab_Project_1/hw2/HW2_Src_for_sim_for_students-empty/BYOC_Host_Intf_4sim.vhd 2017/05/07.20:06:51 P.20131013
EN work/BYOC_Host_Intf 1494178007 \
      FL /home/parallels/Documents/byoc/BYOC_Lab_Project_1/hw2/HW2_Src_for_sim_for_students-empty/BYOC_Host_Intf_4sim.vhd \
      PB ieee/std_logic_1164 1381692176 PB ieee/std_logic_arith 1381692177 \
      PB ieee/STD_LOGIC_UNSIGNED 1381692179 PB std/TEXTIO 1381692176 \
      PB ieee/NUMERIC_STD 1381692181 PH work/BYOC_filenames 1494178004
AR work/BYOC_Host_Intf/Behavioral 1494178008 \
      FL /home/parallels/Documents/byoc/BYOC_Lab_Project_1/hw2/HW2_Src_for_sim_for_students-empty/BYOC_Host_Intf_4sim.vhd \
      EN work/BYOC_Host_Intf 1494178007
FL /home/parallels/Documents/byoc/BYOC_Lab_Project_1/hw2/HW2_Src_for_sim_for_students-empty/Fetch_Unit.vhd 2017/05/10.10:22:37 P.20131013
EN work/Fetch_Unit 1494400961 \
      FL /home/parallels/Documents/byoc/BYOC_Lab_Project_1/hw2/HW2_Src_for_sim_for_students-empty/Fetch_Unit.vhd \
      PB ieee/std_logic_1164 1381692176 PB ieee/std_logic_arith 1381692177 \
      PB ieee/STD_LOGIC_UNSIGNED 1381692179
AR work/Fetch_Unit/Behavioral 1494400962 \
      FL /home/parallels/Documents/byoc/BYOC_Lab_Project_1/hw2/HW2_Src_for_sim_for_students-empty/Fetch_Unit.vhd \
      EN work/Fetch_Unit 1494400961
FL /home/parallels/Documents/byoc/BYOC_Lab_Project_1/hw2/HW2_Src_for_sim_for_students-empty/HW2_top_4sim.vhd 2017/05/07.18:55:08 P.20131013
EN work/HW2_top 1494178011 \
      FL /home/parallels/Documents/byoc/BYOC_Lab_Project_1/hw2/HW2_Src_for_sim_for_students-empty/HW2_top_4sim.vhd \
      PB ieee/std_logic_1164 1381692176 PB ieee/std_logic_arith 1381692177 \
      PB ieee/STD_LOGIC_UNSIGNED 1381692179
AR work/HW2_top/Behavioral 1494178012 \
      FL /home/parallels/Documents/byoc/BYOC_Lab_Project_1/hw2/HW2_Src_for_sim_for_students-empty/HW2_top_4sim.vhd \
      EN work/HW2_top 1494178011 CP Clock_Driver CP BYOC_Host_intf CP Fetch_Unit
FL /home/parallels/Documents/byoc/BYOC_Lab_Project_1/hw2/HW2_Src_for_sim_for_students-empty/SIM_HW2_filenames.vhd 2017/05/07.17:46:38 P.20131013
PH work/BYOC_filenames 1494178004 \
      FL /home/parallels/Documents/byoc/BYOC_Lab_Project_1/hw2/HW2_Src_for_sim_for_students-empty/SIM_HW2_filenames.vhd \
      PB ieee/std_logic_arith 1381692177 PB ieee/STD_LOGIC_UNSIGNED 1381692179 \
      PB ieee/std_logic_1164 1381692176 PB std/TEXTIO 1381692176 \
      PB ieee/NUMERIC_STD 1381692181
FL /home/parallels/Documents/byoc/BYOC_Lab_Project_1/hw2/HW2_Src_for_sim_for_students-empty/SIM_HW2_TB.vhd 2017/05/04.21:24:54 P.20131013
EN work/BYOC_TB_for_students 0 \
      FL /home/parallels/Documents/byoc/BYOC_Lab_Project_1/hw2/HW2_Src_for_sim_for_students-empty/SIM_HW2_TB.vhd \
      PB ieee/std_logic_arith 1381692177 PB ieee/STD_LOGIC_UNSIGNED 1381692179 \
      PB ieee/std_logic_1164 1381692176 PB std/TEXTIO 1381692176 \
      PB ieee/NUMERIC_STD 1381692181 PH work/BYOC_filenames 1494178004
AR work/BYOC_TB_for_students/Testing 0 \
      FL /home/parallels/Documents/byoc/BYOC_Lab_Project_1/hw2/HW2_Src_for_sim_for_students-empty/SIM_HW2_TB.vhd \
      EN work/BYOC_TB_for_students 0 CP HW2_top
